[themes.shopify.com/themes/blockshop/styles/beauty/preview.html]
[cdn.shopify.com/static/shopify-favicon.png]
[backblue.gif]
[fade.gif]
[index.html]
[themes.shopify.com/cdn/shopifycloud/theme_store/assets/application-fe9b131aa77ad1a07e9ea03e5612a3dfe524363c97635d5e527ce34648464bff.css]
[themes.shopify.com/themes/blockshop/styles/beauty/POST]
[www.google-analytics.com/analytics.js]
[themes.shopify.com/themes/blockshop/styles/beauty/_other.set]
[themes.shopify.com/cdn/shopifycloud/theme_store/assets/rails-2f2d2dc97ff28cb44d4babf837b7ff547b31ee921531e743a13875c9178fd88f.js]
[cdn.shopify.com/shopifycloud/theme_store/bundles/baseline/runtime-72e80cde45fc44b88ee2612112ac344f0a2ecb0b015f7c2de6e79392f5ad8282.js]
[themes.shopify.com/themes/blockshop/styles/beauty/preview.html]
[themes.shopify.com/cdn/shopifycloud/theme_store/assets/application-fe9b131aa77ad1a07e9ea03e5612a3dfe524363c97635d5e527ce34648464bff.css]
[cdn.shopify.com/shopifycloud/theme_store/bundles/baseline/application-15a2e8f7c3355904defc42b3c7967dbdf9cadf4520d3f16fbff5c0473445767c.js]
[cdn.shopify.com/shopifycloud/theme_store/bundles/baseline/vendors-caches_app_node_modules_bugsnag_js_browser_notifier_js-caches_app_node_modules_shopif-9ebbda-cd5ff31d6eeeca37649347d19061f0613ea99f80c]
[www.googletagmanager.com/gtm5445.html]
[themes.shopify.com/themes/blockshop/styles/beauty/POST.html]
[themes.shopify.com/themes/blockshop/styles/beauty/_other.html]
[cdn.shopify.com/shopifycloud/theme_store/bundles/baseline/vendors-caches_app_node_modules_shopify_polyfills_base_esnext-caches_app_node_modules_tslib_t-ba87b2-f235de02ce96a7c3f84fc518127eca56f24917ae1]
[cdn.shopify.com/shopifycloud/theme_store/bundles/baseline/vendors-caches_app_node_modules_lodash_lodash_js-caches_app_node_modules_script-loader_addScr-05e084-c56d11392d78b15ff5513421194e0051478de7ea4]
[cdn.shopify.com/shopifycloud/theme_store/bundles/baseline/vendors-caches_app_node_modules_shopify_marketing-assets_dist_javascripts_index_js-caches_app-5f2387-8a98707444e1ca1d107d19afa3021a929bcbc15d7]
